via aur zscroll
via pacman playerctl
install fonts

 ~ pacman -Qqm     
aic94xx-firmware
alsi
amdgpu-pro-libgl
android-studio
authy
betterlockscreen
bspwm-git
checkra1n-cli
gpick-git
i3lock-color
ifuse
intellij-idea-ultimate-edition
intellij-idea-ultimate-edition-jre
libopenaptx-git
lightdm-webkit-theme-aether
ncurses5-compat-libs
necta-wifi-mouse
nerd-fonts-ubuntu-mono
packettracer
pfetch
picom-git
pipes.sh
polybar-git
postman-bin
qmk-git
qt5-styleplugins
rofi-greenclip
rofi-power-menu
siji-git
simplenote-electron-bin
skypeforlinux-stable-bin
spotify
sxhkd-git
telegram-desktop-bin
ttf-ms-fonts
ttf-unifont
tty-clock
upd72020x-fw
visual-studio-code-bin
wd719x-firmware
yay-bin
zoom
zramswap
zscroll-git

$ pacman -Qqe
alacritty
arandr
aspell-es
bat
bpytop
brightnessctl
calcurse
cbatticon
cmatrix
composer
docker-compose
dotnet-sdk
dunst
feh
filezilla
firefox
flameshot
fzf
geeqie
go
htop
hunspell
hunspell-es_any
hunspell-es_es
hyphen-es
ifuse
intel-ucode
jdk-openjdk
kitty
kvantum
LEMP
libreoffice-fresh
libreoffice-fresh-es
lightdm
lightdm-gtk-greeter
lightdm-webkit2-greeter
lxappearance
maim
mdp
mythes-es
nano
neofetch
neovim
nodejs
notification-daemon
npm
ntfs-3g
openvpn
pfetch
pipes.sh
playerctl
python-dbus-next
python-intelhex
python-pip
python-psutil
python-pycryptodome
python-pynvim
python-pywal
python-pywlroots
python-rdflib
python-selenium
qbittorrent
qt5-styleplugins
qt5ct
qtile
ranger
redshift
rofi
rofi-emoji
rofi-greenclip
rofi-power-menu
simplescreenrecorder
sl
thunar
thunar-archive-plugin
thunar-media-tags-plugin
thunar-volman
tree
tty-clock
udiskie
ueberzug
vulkan-intel
vulkan-radeon
wmname
xcb-util-cursor
xclip
xdg-user-dirs
xdotool
xf86-input-libinput
xf86-video-amdgpu
xf86-video-ati
xf86-video-intel
xf86-video-vesa
xfce4-settings
xorg-bdftopcf
xorg-docs
xorg-font-util
xorg-fonts-100dpi
xorg-fonts-75dpi
xorg-fonts-encodings
xorg-iceauth
xorg-mkfontscale
xorg-server
xorg-server-common
xorg-server-devel
xorg-server-xephyr
xorg-server-xnest
xorg-server-xvfb
xorg-sessreg
xorg-setxkbmap
xorg-smproxy
xorg-twm
xorg-x11perf
xorg-xauth
xorg-xbacklight
xorg-xcmsdb
xorg-xcursorgen
xorg-xdpyinfo
xorg-xdriinfo
xorg-xev
xorg-xfd
xorg-xgamma
xorg-xhost
xorg-xinit
xorg-xinput
xorg-xkbcomp
xorg-xkbevd
xorg-xkbutils
xorg-xkill
xorg-xlsatoms
xorg-xlsclients
xorg-xmodmap
xorg-xpr
xorg-xprop
xorg-xrandr
xorg-xrdb
xorg-xrefresh
xorg-xset
xorg-xsetroot
xorg-xvinfo
xorg-xwayland
xorg-xwd
xorg-xwininfo
xorg-xwud
yarn
youtube-dl
zathura
zathura-cb
zathura-djvu
zathura-pdf-mupdf
zerotier-one
zsh
zsh-autosuggestions
zsh-completions
zsh-syntax-highlighting
